[0] :black
[1] :blue
[2] :green
[3] :cyan
[4] :red
[5] :purple
[6] :brown
[7] :light_gray
[8] :dark_gray
[9] :light_blue
[10] :light_green
[11] :light_cyan
[12] :light_red
[13] :light_purple
[14] :yellow
[15] :white
