[0] "\e[0;30mblack\e[0m"
[1] "\e[0;34mblue\e[0m"
[2] "\e[0;32mgreen\e[0m"
[3] "\e[0;36mcyan\e[0m"
[4] "\e[0;31mred\e[0m"
[5] "\e[0;35mpurple\e[0m"
[6] "\e[0;33mbrown\e[0m"
[7] "\e[0;37mlight_gray\e[0m"
[8] "\e[1;30mdark_gray\e[0m"
[9] "\e[1;34mlight_blue\e[0m"
[10] "\e[1;32mlight_green\e[0m"
[11] "\e[1;36mlight_cyan\e[0m"
[12] "\e[1;31mlight_red\e[0m"
[13] "\e[1;35mlight_purple\e[0m"
[14] "\e[1;33myellow\e[0m"
[15] "\e[1;37mwhite\e[0m"
